PS C:\Users\NmR\Desktop\samurai_terakoya\git_challenge> git add hello_world.txt
PS C:\Users\NmR\Desktop\samurai_terakoya\git_challenge> git commit -m "hello_world.txtを追加"
[main (root-commit) 734f094] hello_world.txtを追加
 1 file changed, 1 insertion(+)
 create mode 100644 hello_world.txt
PS C:\Users\NmR\Desktop\samurai_terakoya\git_challenge> git add hello_world.txt
PS C:\Users\NmR\Desktop\samurai_terakoya\git_challenge> git commit -m "日本語訳を追加"
[main 60e04dc] 日本語訳を追加
 1 file changed, 2 insertions(+), 1 deletion(-)
PS C:\Users\NmR\Desktop\samurai_terakoya\git_challenge> git log --oneline
60e04dc (HEAD -> main) 日本語訳を追加
734f094 hello_world.txtを追加
PS C:\Users\NmR\Desktop\samurai_terakoya\git_challenge> 
